============================= test session starts =============================
platform win32 -- Python 3.10.4, pytest-9.0.2, pluggy-1.6.0 -- A:\Text-to-PCB Generator\.venv\Scripts\python.exe
cachedir: .pytest_cache
rootdir: A:\Text-to-PCB Generator
plugins: anyio-4.12.1
collecting ... collected 1 item

tests/test_integration.py::test_generate_endpoint_integration FAILED     [100%]

================================== FAILURES ===================================
_____________________ test_generate_endpoint_integration ______________________

    def test_generate_endpoint_integration():
        response = client.post("/generate", json={"prompt": "Design a circuit with LM7805 and 2 capacitors. Connect LM7805 to capacitor."})
        assert response.status_code == 200
        data = response.json()
    
        assert data["status"] == "success"
    
        # Check NLP part
        parsed = data["parsed_data"]
>       assert len(parsed["components"]) >= 2
E       KeyError: 'components'

tests\test_integration.py:21: KeyError
---------------------------- Captured stdout call -----------------------------
Warning: en_core_web_sm not found. Run 'python -m spacy download en_core_web_sm'
Parsed Data: {'error': 'NLP model not loaded'}
=========================== short test summary info ===========================
FAILED tests/test_integration.py::test_generate_endpoint_integration - KeyErr...
============================== 1 failed in 6.91s ==============================
